./main.exe
-domain
boxes
-joinbwd
3
-ordinals
1
-robust_termination
tests/postdecrement.c

Abstract Syntax:
[ 1:]
int main( ):
[ 2:] while [ 3:] ( $2{x} >= 0 ) do
[ 4:]   $3{y} := $3{y} - $2{x}
[ 5:]   $2{x} := $2{x} - 1
[ 6:]
      od
[ 7:] $1{$1} := 0
[ 8:] return
[ 9:]

Forward Analysis:
[ 1:]: top
[ 2:]: top
[ 3:]: top
[ 4:]: $2{x} >= 0
[ 5:]: $2{x} >= 0
[ 6:]: $2{x} >= -1
[ 7:]: -$2{x} >= 1
[ 8:]: -$2{x} >= 1 && $1{$1} == 0
[ 9:]: bottom

Backward Analysis:
[ 2:]:

NODE $2{x} >= 0
 LEAF 3$2{x}+5
  LEAF 2
 --   uncontrolled  -- 
 $3{y}-$2{x}-$1{$1}-
  -- constraints   --  
top

 -- Join constraint --  top

 --   uncontrolled  -- 
 $2{x}-$1{$1}-
  -- constraints   --  
top

 -- Join constraint --  top

 --   uncontrolled  -- 
 $3{y}-$1{$1}-
  -- constraints   --  
[|$2>=0|]
[|
                                       -$2-1>=0|]

 -- Join constraint --  top

 --   uncontrolled  -- 
 $1{$1}-
  -- constraints   --  
[|$2>=0|]
[|
                                 -$2-1>=0|]

 -- Join constraint --  top

 --   uncontrolled  -- 
 $3{y}-$2{x}-
  -- constraints   --  
top

 -- Join constraint --  top

 --   uncontrolled  -- 
 $2{x}-
  -- constraints   --  
top

 -- Join constraint --  top

 --   uncontrolled  -- 
 $3{y}-
  -- constraints   --  
[|$2>=0|]
[|-$2-1>=0|]

 -- Join constraint --  top

simply reachable ?: true 


Analysis Result: TRUE

Done.
